2026-08-13 21:29:35,136 INFO o.a.j.u.JMeterUtils: Setting Locale to en_EN
2026-08-13 21:29:35,175 INFO o.a.j.JMeter: Loading user properties from: C:\Users\valid\Desktop\Diplomado\Certificación 4\apache-jmeter-5.6.3\bin\user.properties
2026-08-13 21:29:35,177 INFO o.a.j.JMeter: Loading system properties from: C:\Users\valid\Desktop\Diplomado\Certificación 4\apache-jmeter-5.6.3\bin\system.properties
2026-08-13 21:29:35,215 INFO o.a.j.JMeter: Copyright (c) 1998-2024 The Apache Software Foundation
2026-08-13 21:29:35,216 INFO o.a.j.JMeter: Version 5.6.3
2026-08-13 21:29:35,217 INFO o.a.j.JMeter: java.version=22.0.1
2026-08-13 21:29:35,217 INFO o.a.j.JMeter: java.vm.name=Java HotSpot(TM) 64-Bit Server VM
2026-08-13 21:29:35,217 INFO o.a.j.JMeter: os.name=Windows 10
2026-08-13 21:29:35,218 INFO o.a.j.JMeter: os.arch=amd64
2026-08-13 21:29:35,218 INFO o.a.j.JMeter: os.version=10.0
2026-08-13 21:29:35,218 INFO o.a.j.JMeter: file.encoding=UTF-8
2026-08-13 21:29:35,218 INFO o.a.j.JMeter: java.awt.headless=true
2026-08-13 21:29:35,218 INFO o.a.j.JMeter: Max memory     =1073741824
2026-08-13 21:29:35,219 INFO o.a.j.JMeter: Available Processors =4
2026-08-13 21:29:35,239 INFO o.a.j.JMeter: Default Locale=English (EN)
2026-08-13 21:29:35,240 INFO o.a.j.JMeter: JMeter  Locale=English (EN)
2026-08-13 21:29:35,240 INFO o.a.j.JMeter: JMeterHome=C:\Users\valid\Desktop\Diplomado\Certificación 4\apache-jmeter-5.6.3
2026-08-13 21:29:35,240 INFO o.a.j.JMeter: user.dir  =C:\Users\valid\Desktop\Diplomado\Certificación 4\Certificacion-4-pruebas-de-cargas
2026-08-13 21:29:35,242 INFO o.a.j.JMeter: PWD       =C:\Users\valid\Desktop\Diplomado\Certificación 4\Certificacion-4-pruebas-de-cargas
2026-08-13 21:29:35,250 INFO o.a.j.JMeter: IP: 172.19.96.1 Name: DESKTOP-RD24GM3 FullName: DESKTOP-RD24GM3
2026-08-13 21:29:35,286 INFO o.a.j.JMeter: Setting property 'jmeter.reportgenerator.outputdir' to:'C:\Users\valid\Desktop\Diplomado\Certificación 4\Certificacion-4-pruebas-de-cargas\.\results\jmeter\lab02-report'
2026-08-13 21:29:35,298 INFO o.a.j.s.FileServer: Default base='C:\Users\valid\Desktop\Diplomado\Certificación 4\Certificacion-4-pruebas-de-cargas'
2026-08-13 21:29:35,301 INFO o.a.j.s.FileServer: Set new base='C:\Users\valid\Desktop\Diplomado\Certificación 4\Certificacion-4-pruebas-de-cargas\.\jmeter\labs'
2026-08-13 21:29:35,904 INFO o.a.j.s.SaveService: Testplan (JMX) version: 2.2. Testlog (JTL) version: 2.2
2026-08-13 21:29:36,088 INFO o.a.j.s.SaveService: Using SaveService properties version 5.0
2026-08-13 21:29:36,105 INFO o.a.j.s.SaveService: Using SaveService properties file encoding UTF-8
2026-08-13 21:29:36,116 INFO o.a.j.s.SaveService: Loading file: .\jmeter\labs\lab02-jmeter.jmx
2026-08-13 21:29:36,326 INFO o.a.j.p.h.s.HTTPSamplerBase: Parser for text/html is org.apache.jmeter.protocol.http.parser.LagartoBasedHtmlParser
2026-08-13 21:29:36,326 INFO o.a.j.p.h.s.HTTPSamplerBase: Parser for application/xhtml+xml is org.apache.jmeter.protocol.http.parser.LagartoBasedHtmlParser
2026-08-13 21:29:36,326 INFO o.a.j.p.h.s.HTTPSamplerBase: Parser for application/xml is org.apache.jmeter.protocol.http.parser.LagartoBasedHtmlParser
2026-08-13 21:29:36,326 INFO o.a.j.p.h.s.HTTPSamplerBase: Parser for text/xml is org.apache.jmeter.protocol.http.parser.LagartoBasedHtmlParser
2026-08-13 21:29:36,326 INFO o.a.j.p.h.s.HTTPSamplerBase: Parser for text/vnd.wap.wml is org.apache.jmeter.protocol.http.parser.RegexpHTMLParser
2026-08-13 21:29:36,327 INFO o.a.j.p.h.s.HTTPSamplerBase: Parser for text/css is org.apache.jmeter.protocol.http.parser.CssParser
2026-08-13 21:29:36,418 INFO o.a.j.JMeter: Creating summariser <summary>
2026-08-13 21:29:36,434 INFO o.a.j.r.d.ReportGenerator: ReportGenerator will use for Parsing the separator: ','
2026-08-13 21:29:36,434 INFO o.a.j.r.d.ReportGenerator: Will generate report at end of test from  results file: .\results\jmeter\lab02-results.jtl
2026-08-13 21:29:36,434 INFO o.a.j.r.d.ReportGenerator: Reading report generator properties from: C:\Users\valid\Desktop\Diplomado\Certificación 4\apache-jmeter-5.6.3\bin\reportgenerator.properties
2026-08-13 21:29:36,438 INFO o.a.j.r.d.ReportGenerator: Merging with JMeter properties
2026-08-13 21:29:36,454 INFO o.a.j.r.c.ReportGeneratorConfiguration: Property 'jmeter.reportgenerator.temp_dir' not found, using default value 'temp' instead.
2026-08-13 21:29:36,460 INFO o.a.j.r.c.ReportGeneratorConfiguration: Property 'jmeter.reportgenerator.apdex_per_transaction' not found, using default value 'null' instead.
2026-08-13 21:29:36,463 INFO o.a.j.r.c.ReportGeneratorConfiguration: apdex_per_transaction is empty, not APDEX per transaction customization
2026-08-13 21:29:36,463 INFO o.a.j.r.c.ReportGeneratorConfiguration: Property 'jmeter.reportgenerator.sample_filter' not found, using default value 'null' instead.
2026-08-13 21:29:36,464 INFO o.a.j.r.c.ReportGeneratorConfiguration: Property 'jmeter.reportgenerator.report_title' not found, using default value 'null' instead.
2026-08-13 21:29:36,464 INFO o.a.j.r.c.ReportGeneratorConfiguration: Property 'jmeter.reportgenerator.start_date' not found, using default value 'null' instead.
2026-08-13 21:29:36,464 INFO o.a.j.r.c.ReportGeneratorConfiguration: Property 'jmeter.reportgenerator.end_date' not found, using default value 'null' instead.
2026-08-13 21:29:36,465 INFO o.a.j.r.c.ReportGeneratorConfiguration: Property 'jmeter.reportgenerator.date_format' not found, using default value 'null' instead.
2026-08-13 21:29:36,465 INFO o.a.j.r.c.ReportGeneratorConfiguration: Will use date range start date: null, end date: null
2026-08-13 21:29:36,475 INFO o.a.j.r.c.ReportGeneratorConfiguration: Property 'jmeter.reportgenerator.graph.totalTPS.exclude_controllers' not found, using default value 'false' instead.
2026-08-13 21:29:36,476 INFO o.a.j.r.c.ReportGeneratorConfiguration: Property 'jmeter.reportgenerator.graph.activeThreadsOverTime.exclude_controllers' not found, using default value 'false' instead.
2026-08-13 21:29:36,476 INFO o.a.j.r.c.ReportGeneratorConfiguration: Property 'jmeter.reportgenerator.graph.timeVsThreads.exclude_controllers' not found, using default value 'false' instead.
2026-08-13 21:29:36,477 INFO o.a.j.r.c.ReportGeneratorConfiguration: Property 'jmeter.reportgenerator.graph.responseTimeDistribution.exclude_controllers' not found, using default value 'false' instead.
2026-08-13 21:29:36,478 INFO o.a.j.r.c.ReportGeneratorConfiguration: Property 'jmeter.reportgenerator.graph.transactionsPerSecond.exclude_controllers' not found, using default value 'false' instead.
2026-08-13 21:29:36,479 INFO o.a.j.r.c.ReportGeneratorConfiguration: Property 'jmeter.reportgenerator.graph.responseTimePercentiles.exclude_controllers' not found, using default value 'false' instead.
2026-08-13 21:29:36,480 INFO o.a.j.r.c.ReportGeneratorConfiguration: Property 'jmeter.reportgenerator.graph.responseTimePercentilesOverTime.exclude_controllers' not found, using default value 'false' instead.
2026-08-13 21:29:36,480 INFO o.a.j.r.c.ReportGeneratorConfiguration: Property 'jmeter.reportgenerator.graph.responseTimesOverTime.exclude_controllers' not found, using default value 'false' instead.
2026-08-13 21:29:36,480 INFO o.a.j.r.c.ReportGeneratorConfiguration: Property 'jmeter.reportgenerator.graph.connectTimeOverTime.exclude_controllers' not found, using default value 'false' instead.
2026-08-13 21:29:36,481 INFO o.a.j.r.c.ReportGeneratorConfiguration: Property 'jmeter.reportgenerator.graph.latenciesOverTime.exclude_controllers' not found, using default value 'false' instead.
2026-08-13 21:29:36,482 INFO o.a.j.r.c.ReportGeneratorConfiguration: Property 'jmeter.reportgenerator.exporter.json.filters_only_sample_series' not found, using default value 'true' instead.
2026-08-13 21:29:36,483 INFO o.a.j.r.c.ReportGeneratorConfiguration: Property 'jmeter.reportgenerator.exporter.json.series_filter' not found, using default value '' instead.
2026-08-13 21:29:36,483 INFO o.a.j.r.c.ReportGeneratorConfiguration: Property 'jmeter.reportgenerator.exporter.json.show_controllers_only' not found, using default value 'false' instead.
2026-08-13 21:29:36,485 INFO o.a.j.r.c.ReportGeneratorConfiguration: Property 'jmeter.reportgenerator.exporter.html.filters_only_sample_series' not found, using default value 'true' instead.
2026-08-13 21:29:36,486 INFO o.a.j.r.c.ReportGeneratorConfiguration: Property 'jmeter.reportgenerator.exporter.html.series_filter' not found, using default value '' instead.
2026-08-13 21:29:36,486 INFO o.a.j.r.c.ReportGeneratorConfiguration: Property 'jmeter.reportgenerator.exporter.html.show_controllers_only' not found, using default value 'false' instead.
2026-08-13 21:29:36,542 INFO o.a.j.e.StandardJMeterEngine: Running the test!
2026-08-13 21:29:36,543 INFO o.a.j.s.SampleEvent: List of sample_variables: []
2026-08-13 21:29:36,544 INFO o.a.j.s.SampleEvent: List of sample_variables: []
2026-08-13 21:29:36,559 INFO o.a.j.e.u.CompoundVariable: Note: Function class names must contain the string: '.functions.'
2026-08-13 21:29:36,559 INFO o.a.j.e.u.CompoundVariable: Note: Function class names must not contain the string: '.gui.'
2026-08-13 21:29:36,956 INFO o.a.j.JMeter: Running test (1786674576956)
2026-08-13 21:29:36,999 INFO o.a.j.e.StandardJMeterEngine: Starting ThreadGroup: 1 : Grupo de Hilos
2026-08-13 21:29:37,000 INFO o.a.j.e.StandardJMeterEngine: Starting 100 threads for group Grupo de Hilos.
2026-08-13 21:29:37,000 INFO o.a.j.e.StandardJMeterEngine: Thread will continue on error
2026-08-13 21:29:37,001 INFO o.a.j.t.ThreadGroup: Starting thread group... number=1 threads=100 ramp-up=120 delayedStart=false
2026-08-13 21:29:37,020 INFO o.a.j.t.JMeterThread: Thread started: Grupo de Hilos 1-1
2026-08-13 21:29:37,098 INFO o.a.j.t.ThreadGroup: Started thread group number 1
2026-08-13 21:29:37,098 INFO o.a.j.e.StandardJMeterEngine: All thread groups have been started
2026-08-13 21:29:37,389 INFO o.a.j.p.h.s.HTTPHCAbstractImpl: Local host = DESKTOP-RD24GM3
2026-08-13 21:29:37,442 INFO o.a.j.p.h.s.HTTPHC4Impl: HTTP request retry count = 0
2026-08-13 21:29:37,450 INFO o.a.j.s.SampleResult: Note: Sample TimeStamps are START times
2026-08-13 21:29:37,451 INFO o.a.j.s.SampleResult: sampleresult.default.encoding is set to UTF-8
2026-08-13 21:29:37,451 INFO o.a.j.s.SampleResult: sampleresult.useNanoTime=true
2026-08-13 21:29:37,451 INFO o.a.j.s.SampleResult: sampleresult.nanoThreadSleep=5000
2026-08-13 21:29:37,799 INFO o.a.j.p.h.s.h.LazyLayeredConnectionSocketFactory: Setting up HTTPS TrustAll Socket Factory
2026-08-13 21:29:37,816 INFO o.a.j.u.JsseSSLManager: Using default SSL protocol: TLS
2026-08-13 21:29:37,817 INFO o.a.j.u.JsseSSLManager: SSL session context: per-thread
2026-08-13 21:29:38,079 INFO o.a.j.u.SSLManager: JmeterKeyStore Location:  type JKS
2026-08-13 21:29:38,096 INFO o.a.j.u.SSLManager: KeyStore created OK
2026-08-13 21:29:38,097 WARN o.a.j.u.SSLManager: Keystore file not found, loading empty keystore
2026-08-13 21:29:38,226 INFO o.a.j.t.JMeterThread: Thread started: Grupo de Hilos 1-2
2026-08-13 21:29:39,432 INFO o.a.j.t.JMeterThread: Thread started: Grupo de Hilos 1-3
2026-08-13 21:29:40,627 INFO o.a.j.t.JMeterThread: Thread started: Grupo de Hilos 1-4
2026-08-13 21:29:42,364 INFO o.a.j.t.JMeterThread: Thread started: Grupo de Hilos 1-5
2026-08-13 21:29:43,103 INFO o.a.j.t.JMeterThread: Thread started: Grupo de Hilos 1-6
2026-08-13 21:29:44,247 INFO o.a.j.t.JMeterThread: Thread started: Grupo de Hilos 1-7
2026-08-13 21:29:45,444 INFO o.a.j.t.JMeterThread: Thread started: Grupo de Hilos 1-8
2026-08-13 21:29:46,625 INFO o.a.j.t.JMeterThread: Thread started: Grupo de Hilos 1-9
2026-08-13 21:29:47,825 INFO o.a.j.t.JMeterThread: Thread started: Grupo de Hilos 1-10
2026-08-13 21:29:49,105 INFO o.a.j.t.JMeterThread: Thread started: Grupo de Hilos 1-11
2026-08-13 21:29:50,223 INFO o.a.j.t.JMeterThread: Thread started: Grupo de Hilos 1-12
2026-08-13 21:29:51,426 INFO o.a.j.t.JMeterThread: Thread started: Grupo de Hilos 1-13
2026-08-13 21:29:52,622 INFO o.a.j.t.JMeterThread: Thread started: Grupo de Hilos 1-14
2026-08-13 21:29:53,821 INFO o.a.j.t.JMeterThread: Thread started: Grupo de Hilos 1-15
2026-08-13 21:29:55,020 INFO o.a.j.t.JMeterThread: Thread started: Grupo de Hilos 1-16
2026-08-13 21:29:56,221 INFO o.a.j.t.JMeterThread: Thread started: Grupo de Hilos 1-17
2026-08-13 21:29:57,525 INFO o.a.j.t.JMeterThread: Thread started: Grupo de Hilos 1-18
2026-08-13 21:29:58,628 INFO o.a.j.t.JMeterThread: Thread started: Grupo de Hilos 1-19
2026-08-13 21:29:59,826 INFO o.a.j.t.JMeterThread: Thread started: Grupo de Hilos 1-20
2026-08-13 21:30:00,009 INFO o.a.j.r.Summariser: summary +    401 in 00:00:23 =   17.4/s Avg:   257 Min:   184 Max:  2367 Err:     0 (0.00%) Active: 20 Started: 20 Finished: 0
2026-08-13 21:30:01,026 INFO o.a.j.t.JMeterThread: Thread started: Grupo de Hilos 1-21
2026-08-13 21:30:02,227 INFO o.a.j.t.JMeterThread: Thread started: Grupo de Hilos 1-22
2026-08-13 21:30:03,427 INFO o.a.j.t.JMeterThread: Thread started: Grupo de Hilos 1-23
2026-08-13 21:30:04,623 INFO o.a.j.t.JMeterThread: Thread started: Grupo de Hilos 1-24
2026-08-13 21:30:05,821 INFO o.a.j.t.JMeterThread: Thread started: Grupo de Hilos 1-25
2026-08-13 21:30:07,022 INFO o.a.j.t.JMeterThread: Thread started: Grupo de Hilos 1-26
2026-08-13 21:30:08,221 INFO o.a.j.t.JMeterThread: Thread started: Grupo de Hilos 1-27
2026-08-13 21:30:09,425 INFO o.a.j.t.JMeterThread: Thread started: Grupo de Hilos 1-28
2026-08-13 21:30:10,627 INFO o.a.j.t.JMeterThread: Thread started: Grupo de Hilos 1-29
2026-08-13 21:30:11,825 INFO o.a.j.t.JMeterThread: Thread started: Grupo de Hilos 1-30
2026-08-13 21:30:13,026 INFO o.a.j.t.JMeterThread: Thread started: Grupo de Hilos 1-31
2026-08-13 21:30:14,226 INFO o.a.j.t.JMeterThread: Thread started: Grupo de Hilos 1-32
2026-08-13 21:30:15,426 INFO o.a.j.t.JMeterThread: Thread started: Grupo de Hilos 1-33
2026-08-13 21:30:16,626 INFO o.a.j.t.JMeterThread: Thread started: Grupo de Hilos 1-34
2026-08-13 21:30:17,829 INFO o.a.j.t.JMeterThread: Thread started: Grupo de Hilos 1-35
2026-08-13 21:30:19,031 INFO o.a.j.t.JMeterThread: Thread started: Grupo de Hilos 1-36
2026-08-13 21:30:20,236 INFO o.a.j.t.JMeterThread: Thread started: Grupo de Hilos 1-37
2026-08-13 21:30:21,437 INFO o.a.j.t.JMeterThread: Thread started: Grupo de Hilos 1-38
2026-08-13 21:30:22,637 INFO o.a.j.t.JMeterThread: Thread started: Grupo de Hilos 1-39
2026-08-13 21:30:23,839 INFO o.a.j.t.JMeterThread: Thread started: Grupo de Hilos 1-40
2026-08-13 21:30:25,038 INFO o.a.j.t.JMeterThread: Thread started: Grupo de Hilos 1-41
2026-08-13 21:30:26,247 INFO o.a.j.t.JMeterThread: Thread started: Grupo de Hilos 1-42
2026-08-13 21:30:27,448 INFO o.a.j.t.JMeterThread: Thread started: Grupo de Hilos 1-43
2026-08-13 21:30:28,648 INFO o.a.j.t.JMeterThread: Thread started: Grupo de Hilos 1-44
2026-08-13 21:30:29,854 INFO o.a.j.t.JMeterThread: Thread started: Grupo de Hilos 1-45
2026-08-13 21:30:30,029 INFO o.a.j.r.Summariser: summary +   1796 in 00:00:30 =   59.8/s Avg:   232 Min:   184 Max:   843 Err:     0 (0.00%) Active: 45 Started: 45 Finished: 0
2026-08-13 21:30:30,035 INFO o.a.j.r.Summariser: summary =   2197 in 00:00:53 =   41.4/s Avg:   236 Min:   184 Max:  2367 Err:     0 (0.00%)
2026-08-13 21:30:31,204 INFO o.a.j.t.JMeterThread: Thread started: Grupo de Hilos 1-46
2026-08-13 21:30:32,265 INFO o.a.j.t.JMeterThread: Thread started: Grupo de Hilos 1-47
2026-08-13 21:30:33,459 INFO o.a.j.t.JMeterThread: Thread started: Grupo de Hilos 1-48
2026-08-13 21:30:34,660 INFO o.a.j.t.JMeterThread: Thread started: Grupo de Hilos 1-49
2026-08-13 21:30:35,862 INFO o.a.j.t.JMeterThread: Thread started: Grupo de Hilos 1-50
2026-08-13 21:30:37,061 INFO o.a.j.t.JMeterThread: Thread started: Grupo de Hilos 1-51
2026-08-13 21:30:38,266 INFO o.a.j.t.JMeterThread: Thread started: Grupo de Hilos 1-52
2026-08-13 21:30:39,466 INFO o.a.j.t.JMeterThread: Thread started: Grupo de Hilos 1-53
2026-08-13 21:30:40,665 INFO o.a.j.t.JMeterThread: Thread started: Grupo de Hilos 1-54
2026-08-13 21:30:41,865 INFO o.a.j.t.JMeterThread: Thread started: Grupo de Hilos 1-55
2026-08-13 21:30:43,064 INFO o.a.j.t.JMeterThread: Thread started: Grupo de Hilos 1-56
2026-08-13 21:30:44,264 INFO o.a.j.t.JMeterThread: Thread started: Grupo de Hilos 1-57
2026-08-13 21:30:45,464 INFO o.a.j.t.JMeterThread: Thread started: Grupo de Hilos 1-58
2026-08-13 21:30:46,667 INFO o.a.j.t.JMeterThread: Thread started: Grupo de Hilos 1-59
2026-08-13 21:30:47,867 INFO o.a.j.t.JMeterThread: Thread started: Grupo de Hilos 1-60
2026-08-13 21:30:49,067 INFO o.a.j.t.JMeterThread: Thread started: Grupo de Hilos 1-61
2026-08-13 21:30:50,266 INFO o.a.j.t.JMeterThread: Thread started: Grupo de Hilos 1-62
2026-08-13 21:30:51,464 INFO o.a.j.t.JMeterThread: Thread started: Grupo de Hilos 1-63
2026-08-13 21:30:52,666 INFO o.a.j.t.JMeterThread: Thread started: Grupo de Hilos 1-64
2026-08-13 21:30:53,865 INFO o.a.j.t.JMeterThread: Thread started: Grupo de Hilos 1-65
2026-08-13 21:30:55,067 INFO o.a.j.t.JMeterThread: Thread started: Grupo de Hilos 1-66
2026-08-13 21:30:56,265 INFO o.a.j.t.JMeterThread: Thread started: Grupo de Hilos 1-67
2026-08-13 21:30:57,466 INFO o.a.j.t.JMeterThread: Thread started: Grupo de Hilos 1-68
2026-08-13 21:30:58,667 INFO o.a.j.t.JMeterThread: Thread started: Grupo de Hilos 1-69
2026-08-13 21:30:59,864 INFO o.a.j.t.JMeterThread: Thread started: Grupo de Hilos 1-70
2026-08-13 21:31:00,011 INFO o.a.j.r.Summariser: summary +   3190 in 00:00:30 =  106.4/s Avg:   233 Min:   183 Max:   547 Err:     0 (0.00%) Active: 70 Started: 70 Finished: 0
2026-08-13 21:31:00,024 INFO o.a.j.r.Summariser: summary =   5387 in 00:01:23 =   64.9/s Avg:   234 Min:   183 Max:  2367 Err:     0 (0.00%)
2026-08-13 21:31:01,071 INFO o.a.j.t.JMeterThread: Thread started: Grupo de Hilos 1-71
2026-08-13 21:31:02,265 INFO o.a.j.t.JMeterThread: Thread started: Grupo de Hilos 1-72
2026-08-13 21:31:03,465 INFO o.a.j.t.JMeterThread: Thread started: Grupo de Hilos 1-73
2026-08-13 21:31:04,664 INFO o.a.j.t.JMeterThread: Thread started: Grupo de Hilos 1-74
2026-08-13 21:31:05,865 INFO o.a.j.t.JMeterThread: Thread started: Grupo de Hilos 1-75
2026-08-13 21:31:07,062 INFO o.a.j.t.JMeterThread: Thread started: Grupo de Hilos 1-76
2026-08-13 21:31:08,262 INFO o.a.j.t.JMeterThread: Thread started: Grupo de Hilos 1-77
2026-08-13 21:31:09,463 INFO o.a.j.t.JMeterThread: Thread started: Grupo de Hilos 1-78
2026-08-13 21:31:10,662 INFO o.a.j.t.JMeterThread: Thread started: Grupo de Hilos 1-79
2026-08-13 21:31:11,858 INFO o.a.j.t.JMeterThread: Thread started: Grupo de Hilos 1-80
2026-08-13 21:31:13,055 INFO o.a.j.t.JMeterThread: Thread started: Grupo de Hilos 1-81
2026-08-13 21:31:14,254 INFO o.a.j.t.JMeterThread: Thread started: Grupo de Hilos 1-82
2026-08-13 21:31:15,464 INFO o.a.j.t.JMeterThread: Thread started: Grupo de Hilos 1-83
2026-08-13 21:31:16,662 INFO o.a.j.t.JMeterThread: Thread started: Grupo de Hilos 1-84
2026-08-13 21:31:17,866 INFO o.a.j.t.JMeterThread: Thread started: Grupo de Hilos 1-85
2026-08-13 21:31:19,066 INFO o.a.j.t.JMeterThread: Thread started: Grupo de Hilos 1-86
2026-08-13 21:31:20,267 INFO o.a.j.t.JMeterThread: Thread started: Grupo de Hilos 1-87
2026-08-13 21:31:21,465 INFO o.a.j.t.JMeterThread: Thread started: Grupo de Hilos 1-88
2026-08-13 21:31:22,665 INFO o.a.j.t.JMeterThread: Thread started: Grupo de Hilos 1-89
2026-08-13 21:31:23,867 INFO o.a.j.t.JMeterThread: Thread started: Grupo de Hilos 1-90
2026-08-13 21:31:25,063 INFO o.a.j.t.JMeterThread: Thread started: Grupo de Hilos 1-91
2026-08-13 21:31:26,269 INFO o.a.j.t.JMeterThread: Thread started: Grupo de Hilos 1-92
2026-08-13 21:31:27,467 INFO o.a.j.t.JMeterThread: Thread started: Grupo de Hilos 1-93
2026-08-13 21:31:28,680 INFO o.a.j.t.JMeterThread: Thread started: Grupo de Hilos 1-94
2026-08-13 21:31:29,896 INFO o.a.j.t.JMeterThread: Thread started: Grupo de Hilos 1-95
2026-08-13 21:31:30,005 INFO o.a.j.r.Summariser: summary +   4635 in 00:00:30 =  154.5/s Avg:   229 Min:   183 Max:   462 Err:     0 (0.00%) Active: 95 Started: 95 Finished: 0
2026-08-13 21:31:30,005 INFO o.a.j.r.Summariser: summary =  10022 in 00:01:53 =   88.7/s Avg:   232 Min:   183 Max:  2367 Err:     0 (0.00%)
2026-08-13 21:31:31,099 INFO o.a.j.t.JMeterThread: Thread started: Grupo de Hilos 1-96
2026-08-13 21:31:32,305 INFO o.a.j.t.JMeterThread: Thread started: Grupo de Hilos 1-97
2026-08-13 21:31:33,504 INFO o.a.j.t.JMeterThread: Thread started: Grupo de Hilos 1-98
2026-08-13 21:31:34,710 INFO o.a.j.t.JMeterThread: Thread started: Grupo de Hilos 1-99
2026-08-13 21:31:35,910 INFO o.a.j.t.JMeterThread: Thread started: Grupo de Hilos 1-100
2026-08-13 21:32:00,009 INFO o.a.j.r.Summariser: summary +   5625 in 00:00:30 =  187.5/s Avg:   228 Min:   183 Max:   706 Err:     0 (0.00%) Active: 100 Started: 100 Finished: 0
2026-08-13 21:32:00,011 INFO o.a.j.r.Summariser: summary =  15647 in 00:02:23 =  109.4/s Avg:   230 Min:   183 Max:  2367 Err:     0 (0.00%)
2026-08-13 21:32:30,001 INFO o.a.j.r.Summariser: summary +   5675 in 00:00:30 =  189.2/s Avg:   227 Min:   183 Max:  3437 Err:     0 (0.00%) Active: 100 Started: 100 Finished: 0
2026-08-13 21:32:30,001 INFO o.a.j.r.Summariser: summary =  21322 in 00:02:53 =  123.2/s Avg:   229 Min:   183 Max:  3437 Err:     0 (0.00%)
2026-08-13 21:33:00,026 INFO o.a.j.r.Summariser: summary +   5678 in 00:00:30 =  189.1/s Avg:   226 Min:   183 Max:  1454 Err:     0 (0.00%) Active: 100 Started: 100 Finished: 0
2026-08-13 21:33:00,029 INFO o.a.j.r.Summariser: summary =  27000 in 00:03:23 =  133.0/s Avg:   229 Min:   183 Max:  3437 Err:     0 (0.00%)
2026-08-13 21:33:30,005 INFO o.a.j.r.Summariser: summary +   5671 in 00:00:30 =  189.2/s Avg:   226 Min:   183 Max:  1425 Err:     0 (0.00%) Active: 100 Started: 100 Finished: 0
2026-08-13 21:33:30,005 INFO o.a.j.r.Summariser: summary =  32671 in 00:03:53 =  140.2/s Avg:   228 Min:   183 Max:  3437 Err:     0 (0.00%)
2026-08-13 21:34:00,016 INFO o.a.j.r.Summariser: summary +   5684 in 00:00:30 =  189.4/s Avg:   226 Min:   183 Max:  1332 Err:     0 (0.00%) Active: 100 Started: 100 Finished: 0
2026-08-13 21:34:00,017 INFO o.a.j.r.Summariser: summary =  38355 in 00:04:23 =  145.8/s Avg:   228 Min:   183 Max:  3437 Err:     0 (0.00%)
2026-08-13 21:34:30,011 INFO o.a.j.r.Summariser: summary +   5678 in 00:00:30 =  189.3/s Avg:   227 Min:   183 Max:   530 Err:     0 (0.00%) Active: 100 Started: 100 Finished: 0
2026-08-13 21:34:30,191 INFO o.a.j.r.Summariser: summary =  44033 in 00:04:53 =  150.3/s Avg:   228 Min:   183 Max:  3437 Err:     0 (0.00%)
2026-08-13 21:35:00,000 INFO o.a.j.r.Summariser: summary +   5653 in 00:00:30 =  188.5/s Avg:   228 Min:   183 Max:  1431 Err:     0 (0.00%) Active: 100 Started: 100 Finished: 0
2026-08-13 21:35:00,002 INFO o.a.j.r.Summariser: summary =  49686 in 00:05:23 =  153.8/s Avg:   228 Min:   183 Max:  3437 Err:     0 (0.00%)
2026-08-13 21:35:30,002 INFO o.a.j.r.Summariser: summary +   5666 in 00:00:30 =  188.9/s Avg:   228 Min:   183 Max:   469 Err:     0 (0.00%) Active: 100 Started: 100 Finished: 0
2026-08-13 21:35:30,003 INFO o.a.j.r.Summariser: summary =  55352 in 00:05:53 =  156.8/s Avg:   228 Min:   183 Max:  3437 Err:     0 (0.00%)
2026-08-13 21:36:00,013 INFO o.a.j.r.Summariser: summary +   5679 in 00:00:30 =  189.2/s Avg:   227 Min:   183 Max:   476 Err:     0 (0.00%) Active: 100 Started: 100 Finished: 0
2026-08-13 21:36:00,015 INFO o.a.j.r.Summariser: summary =  61031 in 00:06:23 =  159.3/s Avg:   228 Min:   183 Max:  3437 Err:     0 (0.00%)
2026-08-13 21:36:30,005 INFO o.a.j.r.Summariser: summary +   5671 in 00:00:30 =  189.1/s Avg:   227 Min:   183 Max:   589 Err:     0 (0.00%) Active: 100 Started: 100 Finished: 0
2026-08-13 21:36:30,006 INFO o.a.j.r.Summariser: summary =  66702 in 00:06:53 =  161.5/s Avg:   228 Min:   183 Max:  3437 Err:     0 (0.00%)
2026-08-13 21:37:00,004 INFO o.a.j.r.Summariser: summary +   5692 in 00:00:30 =  189.7/s Avg:   225 Min:   183 Max:   486 Err:     0 (0.00%) Active: 100 Started: 100 Finished: 0
2026-08-13 21:37:00,014 INFO o.a.j.r.Summariser: summary =  72394 in 00:07:23 =  163.4/s Avg:   227 Min:   183 Max:  3437 Err:     0 (0.00%)
2026-08-13 21:37:30,003 INFO o.a.j.r.Summariser: summary +   5703 in 00:00:30 =  190.1/s Avg:   224 Min:   183 Max:   442 Err:     0 (0.00%) Active: 100 Started: 100 Finished: 0
2026-08-13 21:37:30,004 INFO o.a.j.r.Summariser: summary =  78097 in 00:07:53 =  165.1/s Avg:   227 Min:   183 Max:  3437 Err:     0 (0.00%)
2026-08-13 21:37:36,746 INFO o.a.j.t.JMeterThread: Thread finished: Grupo de Hilos 1-26
2026-08-13 21:37:36,753 INFO o.a.j.t.JMeterThread: Thread finished: Grupo de Hilos 1-3
2026-08-13 21:37:36,773 INFO o.a.j.t.JMeterThread: Thread finished: Grupo de Hilos 1-37
2026-08-13 21:37:36,790 INFO o.a.j.t.JMeterThread: Thread finished: Grupo de Hilos 1-63
2026-08-13 21:37:36,790 INFO o.a.j.t.JMeterThread: Thread finished: Grupo de Hilos 1-65
2026-08-13 21:37:36,794 INFO o.a.j.t.JMeterThread: Thread finished: Grupo de Hilos 1-70
2026-08-13 21:37:36,794 INFO o.a.j.t.JMeterThread: Thread finished: Grupo de Hilos 1-42
2026-08-13 21:37:36,798 INFO o.a.j.t.JMeterThread: Thread finished: Grupo de Hilos 1-80
2026-08-13 21:37:36,802 INFO o.a.j.t.JMeterThread: Thread finished: Grupo de Hilos 1-19
2026-08-13 21:37:36,810 INFO o.a.j.t.JMeterThread: Thread finished: Grupo de Hilos 1-38
2026-08-13 21:37:36,811 INFO o.a.j.t.JMeterThread: Thread finished: Grupo de Hilos 1-95
2026-08-13 21:37:36,811 INFO o.a.j.t.JMeterThread: Thread finished: Grupo de Hilos 1-43
2026-08-13 21:37:36,835 INFO o.a.j.t.JMeterThread: Thread finished: Grupo de Hilos 1-10
2026-08-13 21:37:36,840 INFO o.a.j.t.JMeterThread: Thread finished: Grupo de Hilos 1-22
2026-08-13 21:37:36,841 INFO o.a.j.t.JMeterThread: Thread finished: Grupo de Hilos 1-79
2026-08-13 21:37:36,844 INFO o.a.j.t.JMeterThread: Thread finished: Grupo de Hilos 1-83
2026-08-13 21:37:36,853 INFO o.a.j.t.JMeterThread: Thread finished: Grupo de Hilos 1-45
2026-08-13 21:37:36,857 INFO o.a.j.t.JMeterThread: Thread finished: Grupo de Hilos 1-4
2026-08-13 21:37:36,858 INFO o.a.j.t.JMeterThread: Thread finished: Grupo de Hilos 1-49
2026-08-13 21:37:36,863 INFO o.a.j.t.JMeterThread: Thread finished: Grupo de Hilos 1-58
2026-08-13 21:37:36,868 INFO o.a.j.t.JMeterThread: Thread finished: Grupo de Hilos 1-40
2026-08-13 21:37:36,876 INFO o.a.j.t.JMeterThread: Thread finished: Grupo de Hilos 1-76
2026-08-13 21:37:36,883 INFO o.a.j.t.JMeterThread: Thread finished: Grupo de Hilos 1-81
2026-08-13 21:37:36,890 INFO o.a.j.t.JMeterThread: Thread finished: Grupo de Hilos 1-33
2026-08-13 21:37:36,892 INFO o.a.j.t.JMeterThread: Thread finished: Grupo de Hilos 1-5
2026-08-13 21:37:36,897 INFO o.a.j.t.JMeterThread: Thread finished: Grupo de Hilos 1-16
2026-08-13 21:37:36,900 INFO o.a.j.t.JMeterThread: Thread finished: Grupo de Hilos 1-2
2026-08-13 21:37:36,903 INFO o.a.j.t.JMeterThread: Thread finished: Grupo de Hilos 1-9
2026-08-13 21:37:36,907 INFO o.a.j.t.JMeterThread: Thread finished: Grupo de Hilos 1-69
2026-08-13 21:37:36,907 INFO o.a.j.t.JMeterThread: Thread finished: Grupo de Hilos 1-98
2026-08-13 21:37:36,911 INFO o.a.j.t.JMeterThread: Thread finished: Grupo de Hilos 1-60
2026-08-13 21:37:36,914 INFO o.a.j.t.JMeterThread: Thread finished: Grupo de Hilos 1-100
2026-08-13 21:37:36,946 INFO o.a.j.t.JMeterThread: Thread finished: Grupo de Hilos 1-13
2026-08-13 21:37:36,949 INFO o.a.j.t.JMeterThread: Thread finished: Grupo de Hilos 1-73
2026-08-13 21:37:36,950 INFO o.a.j.t.JMeterThread: Thread finished: Grupo de Hilos 1-20
2026-08-13 21:37:36,964 INFO o.a.j.t.JMeterThread: Thread finished: Grupo de Hilos 1-62
2026-08-13 21:37:36,964 INFO o.a.j.t.JMeterThread: Thread finished: Grupo de Hilos 1-1
2026-08-13 21:37:36,969 INFO o.a.j.t.JMeterThread: Thread finished: Grupo de Hilos 1-52
2026-08-13 21:37:36,976 INFO o.a.j.t.JMeterThread: Thread finished: Grupo de Hilos 1-72
2026-08-13 21:37:36,978 INFO o.a.j.t.JMeterThread: Thread finished: Grupo de Hilos 1-39
2026-08-13 21:37:36,983 INFO o.a.j.t.JMeterThread: Thread finished: Grupo de Hilos 1-7
2026-08-13 21:37:36,989 INFO o.a.j.t.JMeterThread: Thread finished: Grupo de Hilos 1-97
2026-08-13 21:37:36,995 INFO o.a.j.t.JMeterThread: Thread finished: Grupo de Hilos 1-85
2026-08-13 21:37:37,000 INFO o.a.j.t.JMeterThread: Thread finished: Grupo de Hilos 1-67
2026-08-13 21:37:37,002 INFO o.a.j.t.JMeterThread: Thread finished: Grupo de Hilos 1-64
2026-08-13 21:37:37,003 INFO o.a.j.t.JMeterThread: Thread finished: Grupo de Hilos 1-35
2026-08-13 21:37:37,010 INFO o.a.j.t.JMeterThread: Thread finished: Grupo de Hilos 1-82
2026-08-13 21:37:37,020 INFO o.a.j.t.JMeterThread: Thread finished: Grupo de Hilos 1-90
2026-08-13 21:37:37,021 INFO o.a.j.t.JMeterThread: Thread finished: Grupo de Hilos 1-59
2026-08-13 21:37:37,033 INFO o.a.j.t.JMeterThread: Thread finished: Grupo de Hilos 1-24
2026-08-13 21:37:37,033 INFO o.a.j.t.JMeterThread: Stopping because end time detected by thread: Grupo de Hilos 1-8
2026-08-13 21:37:37,034 INFO o.a.j.t.JMeterThread: Thread finished: Grupo de Hilos 1-8
2026-08-13 21:37:37,042 INFO o.a.j.t.JMeterThread: Thread finished: Grupo de Hilos 1-75
2026-08-13 21:37:37,044 INFO o.a.j.t.JMeterThread: Stopping because end time detected by thread: Grupo de Hilos 1-21
2026-08-13 21:37:37,044 INFO o.a.j.t.JMeterThread: Thread finished: Grupo de Hilos 1-21
2026-08-13 21:37:37,057 INFO o.a.j.t.JMeterThread: Stopping because end time detected by thread: Grupo de Hilos 1-44
2026-08-13 21:37:37,057 INFO o.a.j.t.JMeterThread: Thread finished: Grupo de Hilos 1-44
2026-08-13 21:37:37,061 INFO o.a.j.t.JMeterThread: Stopping because end time detected by thread: Grupo de Hilos 1-48
2026-08-13 21:37:37,061 INFO o.a.j.t.JMeterThread: Thread finished: Grupo de Hilos 1-57
2026-08-13 21:37:37,061 INFO o.a.j.t.JMeterThread: Thread finished: Grupo de Hilos 1-48
2026-08-13 21:37:37,064 INFO o.a.j.t.JMeterThread: Stopping because end time detected by thread: Grupo de Hilos 1-29
2026-08-13 21:37:37,064 INFO o.a.j.t.JMeterThread: Thread finished: Grupo de Hilos 1-29
2026-08-13 21:37:37,074 INFO o.a.j.t.JMeterThread: Thread finished: Grupo de Hilos 1-92
2026-08-13 21:37:37,074 INFO o.a.j.t.JMeterThread: Thread finished: Grupo de Hilos 1-77
2026-08-13 21:37:37,075 INFO o.a.j.t.JMeterThread: Stopping because end time detected by thread: Grupo de Hilos 1-31
2026-08-13 21:37:37,076 INFO o.a.j.t.JMeterThread: Thread finished: Grupo de Hilos 1-31
2026-08-13 21:37:37,100 INFO o.a.j.t.JMeterThread: Stopping because end time detected by thread: Grupo de Hilos 1-27
2026-08-13 21:37:37,100 INFO o.a.j.t.JMeterThread: Thread finished: Grupo de Hilos 1-27
2026-08-13 21:37:37,104 INFO o.a.j.t.JMeterThread: Stopping because end time detected by thread: Grupo de Hilos 1-66
2026-08-13 21:37:37,104 INFO o.a.j.t.JMeterThread: Thread finished: Grupo de Hilos 1-66
2026-08-13 21:37:37,109 INFO o.a.j.t.JMeterThread: Stopping because end time detected by thread: Grupo de Hilos 1-14
2026-08-13 21:37:37,109 INFO o.a.j.t.JMeterThread: Thread finished: Grupo de Hilos 1-14
2026-08-13 21:37:37,109 INFO o.a.j.t.JMeterThread: Stopping because end time detected by thread: Grupo de Hilos 1-46
2026-08-13 21:37:37,109 INFO o.a.j.t.JMeterThread: Thread finished: Grupo de Hilos 1-46
2026-08-13 21:37:37,114 INFO o.a.j.t.JMeterThread: Stopping because end time detected by thread: Grupo de Hilos 1-84
2026-08-13 21:37:37,115 INFO o.a.j.t.JMeterThread: Thread finished: Grupo de Hilos 1-84
2026-08-13 21:37:37,121 INFO o.a.j.t.JMeterThread: Stopping because end time detected by thread: Grupo de Hilos 1-56
2026-08-13 21:37:37,121 INFO o.a.j.t.JMeterThread: Thread finished: Grupo de Hilos 1-56
2026-08-13 21:37:37,124 INFO o.a.j.t.JMeterThread: Stopping because end time detected by thread: Grupo de Hilos 1-30
2026-08-13 21:37:37,125 INFO o.a.j.t.JMeterThread: Thread finished: Grupo de Hilos 1-30
2026-08-13 21:37:37,126 INFO o.a.j.t.JMeterThread: Stopping because end time detected by thread: Grupo de Hilos 1-18
2026-08-13 21:37:37,126 INFO o.a.j.t.JMeterThread: Thread finished: Grupo de Hilos 1-18
2026-08-13 21:37:37,136 INFO o.a.j.t.JMeterThread: Stopping because end time detected by thread: Grupo de Hilos 1-71
2026-08-13 21:37:37,136 INFO o.a.j.t.JMeterThread: Stopping because end time detected by thread: Grupo de Hilos 1-53
2026-08-13 21:37:37,136 INFO o.a.j.t.JMeterThread: Thread finished: Grupo de Hilos 1-71
2026-08-13 21:37:37,136 INFO o.a.j.t.JMeterThread: Thread finished: Grupo de Hilos 1-53
2026-08-13 21:37:37,138 INFO o.a.j.t.JMeterThread: Stopping because end time detected by thread: Grupo de Hilos 1-99
2026-08-13 21:37:37,139 INFO o.a.j.t.JMeterThread: Thread finished: Grupo de Hilos 1-99
2026-08-13 21:37:37,145 INFO o.a.j.t.JMeterThread: Stopping because end time detected by thread: Grupo de Hilos 1-36
2026-08-13 21:37:37,145 INFO o.a.j.t.JMeterThread: Stopping because end time detected by thread: Grupo de Hilos 1-94
2026-08-13 21:37:37,145 INFO o.a.j.t.JMeterThread: Thread finished: Grupo de Hilos 1-94
2026-08-13 21:37:37,145 INFO o.a.j.t.JMeterThread: Thread finished: Grupo de Hilos 1-36
2026-08-13 21:37:37,148 INFO o.a.j.t.JMeterThread: Stopping because end time detected by thread: Grupo de Hilos 1-54
2026-08-13 21:37:37,148 INFO o.a.j.t.JMeterThread: Thread finished: Grupo de Hilos 1-54
2026-08-13 21:37:37,149 INFO o.a.j.t.JMeterThread: Stopping because end time detected by thread: Grupo de Hilos 1-51
2026-08-13 21:37:37,150 INFO o.a.j.t.JMeterThread: Thread finished: Grupo de Hilos 1-51
2026-08-13 21:37:37,164 INFO o.a.j.t.JMeterThread: Stopping because end time detected by thread: Grupo de Hilos 1-34
2026-08-13 21:37:37,167 INFO o.a.j.t.JMeterThread: Stopping because end time detected by thread: Grupo de Hilos 1-78
2026-08-13 21:37:37,167 INFO o.a.j.t.JMeterThread: Thread finished: Grupo de Hilos 1-34
2026-08-13 21:37:37,168 INFO o.a.j.t.JMeterThread: Stopping because end time detected by thread: Grupo de Hilos 1-28
2026-08-13 21:37:37,168 INFO o.a.j.t.JMeterThread: Thread finished: Grupo de Hilos 1-78
2026-08-13 21:37:37,168 INFO o.a.j.t.JMeterThread: Stopping because end time detected by thread: Grupo de Hilos 1-12
2026-08-13 21:37:37,169 INFO o.a.j.t.JMeterThread: Thread finished: Grupo de Hilos 1-28
2026-08-13 21:37:37,169 INFO o.a.j.t.JMeterThread: Thread finished: Grupo de Hilos 1-12
2026-08-13 21:37:37,169 INFO o.a.j.t.JMeterThread: Stopping because end time detected by thread: Grupo de Hilos 1-23
2026-08-13 21:37:37,169 INFO o.a.j.t.JMeterThread: Thread finished: Grupo de Hilos 1-23
2026-08-13 21:37:37,178 INFO o.a.j.t.JMeterThread: Stopping because end time detected by thread: Grupo de Hilos 1-17
2026-08-13 21:37:37,178 INFO o.a.j.t.JMeterThread: Thread finished: Grupo de Hilos 1-17
2026-08-13 21:37:37,191 INFO o.a.j.t.JMeterThread: Stopping because end time detected by thread: Grupo de Hilos 1-50
2026-08-13 21:37:37,192 INFO o.a.j.t.JMeterThread: Thread finished: Grupo de Hilos 1-50
2026-08-13 21:37:37,203 INFO o.a.j.t.JMeterThread: Stopping because end time detected by thread: Grupo de Hilos 1-55
2026-08-13 21:37:37,203 INFO o.a.j.t.JMeterThread: Thread finished: Grupo de Hilos 1-55
2026-08-13 21:37:37,208 INFO o.a.j.t.JMeterThread: Stopping because end time detected by thread: Grupo de Hilos 1-25
2026-08-13 21:37:37,208 INFO o.a.j.t.JMeterThread: Thread finished: Grupo de Hilos 1-25
2026-08-13 21:37:37,214 INFO o.a.j.t.JMeterThread: Stopping because end time detected by thread: Grupo de Hilos 1-11
2026-08-13 21:37:37,214 INFO o.a.j.t.JMeterThread: Thread finished: Grupo de Hilos 1-11
2026-08-13 21:37:37,216 INFO o.a.j.t.JMeterThread: Stopping because end time detected by thread: Grupo de Hilos 1-15
2026-08-13 21:37:37,217 INFO o.a.j.t.JMeterThread: Thread finished: Grupo de Hilos 1-15
2026-08-13 21:37:37,221 INFO o.a.j.t.JMeterThread: Stopping because end time detected by thread: Grupo de Hilos 1-91
2026-08-13 21:37:37,221 INFO o.a.j.t.JMeterThread: Thread finished: Grupo de Hilos 1-91
2026-08-13 21:37:37,225 INFO o.a.j.t.JMeterThread: Stopping because end time detected by thread: Grupo de Hilos 1-87
2026-08-13 21:37:37,225 INFO o.a.j.t.JMeterThread: Thread finished: Grupo de Hilos 1-87
2026-08-13 21:37:37,229 INFO o.a.j.t.JMeterThread: Stopping because end time detected by thread: Grupo de Hilos 1-47
2026-08-13 21:37:37,229 INFO o.a.j.t.JMeterThread: Thread finished: Grupo de Hilos 1-47
2026-08-13 21:37:37,239 INFO o.a.j.t.JMeterThread: Stopping because end time detected by thread: Grupo de Hilos 1-88
2026-08-13 21:37:37,240 INFO o.a.j.t.JMeterThread: Thread finished: Grupo de Hilos 1-88
2026-08-13 21:37:37,247 INFO o.a.j.t.JMeterThread: Stopping because end time detected by thread: Grupo de Hilos 1-74
2026-08-13 21:37:37,247 INFO o.a.j.t.JMeterThread: Stopping because end time detected by thread: Grupo de Hilos 1-93
2026-08-13 21:37:37,247 INFO o.a.j.t.JMeterThread: Thread finished: Grupo de Hilos 1-74
2026-08-13 21:37:37,247 INFO o.a.j.t.JMeterThread: Thread finished: Grupo de Hilos 1-93
2026-08-13 21:37:37,253 INFO o.a.j.t.JMeterThread: Stopping because end time detected by thread: Grupo de Hilos 1-41
2026-08-13 21:37:37,253 INFO o.a.j.t.JMeterThread: Thread finished: Grupo de Hilos 1-41
2026-08-13 21:37:37,255 INFO o.a.j.t.JMeterThread: Stopping because end time detected by thread: Grupo de Hilos 1-96
2026-08-13 21:37:37,256 INFO o.a.j.t.JMeterThread: Thread finished: Grupo de Hilos 1-96
2026-08-13 21:37:37,259 INFO o.a.j.t.JMeterThread: Stopping because end time detected by thread: Grupo de Hilos 1-86
2026-08-13 21:37:37,259 INFO o.a.j.t.JMeterThread: Thread finished: Grupo de Hilos 1-86
2026-08-13 21:37:37,274 INFO o.a.j.t.JMeterThread: Stopping because end time detected by thread: Grupo de Hilos 1-68
2026-08-13 21:37:37,275 INFO o.a.j.t.JMeterThread: Thread finished: Grupo de Hilos 1-68
2026-08-13 21:37:37,281 INFO o.a.j.t.JMeterThread: Stopping because end time detected by thread: Grupo de Hilos 1-89
2026-08-13 21:37:37,284 INFO o.a.j.t.JMeterThread: Thread finished: Grupo de Hilos 1-89
2026-08-13 21:37:37,287 INFO o.a.j.t.JMeterThread: Stopping because end time detected by thread: Grupo de Hilos 1-32
2026-08-13 21:37:37,290 INFO o.a.j.t.JMeterThread: Thread finished: Grupo de Hilos 1-32
2026-08-13 21:37:37,315 INFO o.a.j.t.JMeterThread: Stopping because end time detected by thread: Grupo de Hilos 1-6
2026-08-13 21:37:37,315 INFO o.a.j.t.JMeterThread: Thread finished: Grupo de Hilos 1-6
2026-08-13 21:37:37,332 INFO o.a.j.t.JMeterThread: Stopping because end time detected by thread: Grupo de Hilos 1-61
2026-08-13 21:37:37,332 INFO o.a.j.t.JMeterThread: Thread finished: Grupo de Hilos 1-61
2026-08-13 21:37:37,333 INFO o.a.j.e.StandardJMeterEngine: Notifying test listeners of end of test
2026-08-13 21:37:37,337 INFO o.a.j.r.Summariser: summary +   1385 in 00:00:07 =  188.9/s Avg:   224 Min:   183 Max:   440 Err:     0 (0.00%) Active: 0 Started: 100 Finished: 100
2026-08-13 21:37:37,337 INFO o.a.j.r.Summariser: summary =  79482 in 00:08:00 =  165.5/s Avg:   227 Min:   183 Max:  3437 Err:     0 (0.00%)
2026-08-13 21:37:37,344 INFO o.a.j.JMeter: Generating Dashboard
2026-08-13 21:37:37,344 INFO o.a.j.r.d.ReportGenerator: Flushing result collector before report Generation
2026-08-13 21:37:37,396 INFO o.a.j.r.p.NormalizerSampleConsumer: Using format, 'ms', to parse timeStamp field
2026-08-13 21:37:42,337 INFO o.a.j.r.p.AbstractSampleConsumer: class org.apache.jmeter.report.processor.AggregateConsumer#stopProducing(): beginDate produced 0 samples
2026-08-13 21:37:42,337 INFO o.a.j.r.p.AbstractSampleConsumer: class org.apache.jmeter.report.processor.AggregateConsumer#stopProducing(): endDate produced 0 samples
2026-08-13 21:37:42,343 INFO o.a.j.r.p.AbstractSampleConsumer: class org.apache.jmeter.report.processor.ApdexSummaryConsumer#stopProducing(): apdexSummary produced 0 samples
2026-08-13 21:37:42,343 INFO o.a.j.r.p.AbstractSampleConsumer: class org.apache.jmeter.report.processor.RequestsSummaryConsumer#stopProducing(): requestsSummary produced 0 samples
2026-08-13 21:37:42,366 INFO o.a.j.r.p.AbstractSampleConsumer: class org.apache.jmeter.report.processor.StatisticsSummaryConsumer#stopProducing(): statisticsSummary produced 0 samples
2026-08-13 21:37:42,371 INFO o.a.j.r.p.AbstractSampleConsumer: class org.apache.jmeter.report.processor.Top5ErrorsBySamplerConsumer#stopProducing(): top5ErrorsBySampler produced 0 samples
2026-08-13 21:37:42,371 INFO o.a.j.r.p.AbstractSampleConsumer: class org.apache.jmeter.report.processor.ErrorsSummaryConsumer#stopProducing(): errorsSummary produced 0 samples
2026-08-13 21:37:42,371 INFO o.a.j.r.p.AbstractSampleConsumer: class org.apache.jmeter.report.processor.graph.impl.HitsPerSecondGraphConsumer#stopProducing(): hitsPerSecond produced 0 samples
2026-08-13 21:37:43,459 INFO o.a.j.r.p.AbstractSampleConsumer: class org.apache.jmeter.report.processor.graph.impl.LatencyVSRequestGraphConsumer#stopProducing(): latencyVsRequest produced 0 samples
2026-08-13 21:37:43,468 INFO o.a.j.r.p.AbstractSampleConsumer: class org.apache.jmeter.report.processor.graph.impl.SyntheticResponseTimeDistributionGraphConsumer#stopProducing(): syntheticResponseTimeDistribution produced 0 samples
2026-08-13 21:37:43,470 INFO o.a.j.r.p.AbstractSampleConsumer: class org.apache.jmeter.report.processor.graph.impl.BytesThroughputGraphConsumer#stopProducing(): bytesThroughputOverTime produced 0 samples
2026-08-13 21:37:43,470 INFO o.a.j.r.p.AbstractSampleConsumer: class org.apache.jmeter.report.processor.graph.impl.CodesPerSecondGraphConsumer#stopProducing(): codesPerSecond produced 0 samples
2026-08-13 21:37:44,868 INFO o.a.j.r.p.AbstractSampleConsumer: class org.apache.jmeter.report.processor.graph.impl.ResponseTimeVSRequestGraphConsumer#stopProducing(): responseTimeVsRequest produced 0 samples
2026-08-13 21:37:44,877 INFO o.a.j.r.p.AbstractSampleConsumer: class org.apache.jmeter.report.processor.FilterConsumer#stopProducing(): startIntervalControlerFilter produced 556374 samples
2026-08-13 21:37:44,877 INFO o.a.j.r.p.AbstractSampleConsumer: class org.apache.jmeter.report.processor.graph.impl.TotalTPSGraphConsumer#stopProducing(): totalTPS produced 0 samples
2026-08-13 21:37:44,878 INFO o.a.j.r.p.AbstractSampleConsumer: class org.apache.jmeter.report.processor.graph.impl.ActiveThreadsGraphConsumer#stopProducing(): activeThreadsOverTime produced 0 samples
2026-08-13 21:37:44,878 INFO o.a.j.r.p.AbstractSampleConsumer: class org.apache.jmeter.report.processor.graph.impl.TimeVSThreadGraphConsumer#stopProducing(): timeVsThreads produced 0 samples
2026-08-13 21:37:44,878 INFO o.a.j.r.p.AbstractSampleConsumer: class org.apache.jmeter.report.processor.graph.impl.ResponseTimeDistributionGraphConsumer#stopProducing(): responseTimeDistribution produced 0 samples
2026-08-13 21:37:44,878 INFO o.a.j.r.p.AbstractSampleConsumer: class org.apache.jmeter.report.processor.graph.impl.TransactionsPerSecondGraphConsumer#stopProducing(): transactionsPerSecond produced 0 samples
2026-08-13 21:37:44,878 INFO o.a.j.r.p.AbstractSampleConsumer: class org.apache.jmeter.report.processor.graph.impl.ResponseTimePercentilesGraphConsumer#stopProducing(): responseTimePercentiles produced 0 samples
2026-08-13 21:37:44,881 INFO o.a.j.r.p.AbstractSampleConsumer: class org.apache.jmeter.report.processor.graph.impl.ResponseTimePercentilesOverTimeGraphConsumer#stopProducing(): responseTimePercentilesOverTime produced 0 samples
2026-08-13 21:37:44,888 INFO o.a.j.r.p.AbstractSampleConsumer: class org.apache.jmeter.report.processor.graph.impl.ResponseTimeOverTimeGraphConsumer#stopProducing(): responseTimesOverTime produced 0 samples
2026-08-13 21:37:44,888 INFO o.a.j.r.p.AbstractSampleConsumer: class org.apache.jmeter.report.processor.graph.impl.ConnectTimeOverTimeGraphConsumer#stopProducing(): connectTimeOverTime produced 0 samples
2026-08-13 21:37:44,888 INFO o.a.j.r.p.AbstractSampleConsumer: class org.apache.jmeter.report.processor.graph.impl.LatencyOverTimeGraphConsumer#stopProducing(): latenciesOverTime produced 0 samples
2026-08-13 21:37:44,888 INFO o.a.j.r.p.AbstractSampleConsumer: class org.apache.jmeter.report.processor.FilterConsumer#stopProducing(): nameFilter produced 1192230 samples
2026-08-13 21:37:44,890 INFO o.a.j.r.p.AbstractSampleConsumer: class org.apache.jmeter.report.processor.FilterConsumer#stopProducing(): dateRangeFilter produced 238446 samples
2026-08-13 21:37:44,891 INFO o.a.j.r.p.AbstractSampleConsumer: class org.apache.jmeter.report.processor.NormalizerSampleConsumer#stopProducing(): normalizer produced 79482 samples
2026-08-13 21:37:44,893 INFO o.a.j.r.p.CsvFileSampleSource: produce(): 79482 samples produced in 7s 421 ms on channel 0
2026-08-13 21:37:44,893 INFO o.a.j.r.d.ReportGenerator: Exporting data using exporter:'json' of className:'org.apache.jmeter.report.dashboard.JsonExporter'
2026-08-13 21:37:45,270 INFO o.a.j.r.d.JsonExporter: Found data for consumer statisticsSummary in context
2026-08-13 21:37:45,271 INFO o.a.j.r.d.JsonExporter: Creating statistics for overall
2026-08-13 21:37:45,273 INFO o.a.j.r.d.JsonExporter: Creating statistics for other transactions
2026-08-13 21:37:45,276 INFO o.a.j.r.d.JsonExporter: Checking output folder
2026-08-13 21:37:45,279 INFO o.a.j.r.d.JsonExporter: Writing statistics JSON to C:\Users\valid\Desktop\Diplomado\Certificación 4\Certificacion-4-pruebas-de-cargas\.\results\jmeter\lab02-report\statistics.json
2026-08-13 21:37:45,470 INFO o.a.j.r.d.ReportGenerator: Exporting data using exporter:'html' of className:'org.apache.jmeter.report.dashboard.HtmlTemplateExporter'
2026-08-13 21:37:45,485 INFO o.a.j.r.d.HtmlTemplateExporter: Will generate dashboard in folder: C:\Users\valid\Desktop\Diplomado\Certificación 4\Certificacion-4-pruebas-de-cargas\.\results\jmeter\lab02-report
2026-08-13 21:37:45,927 INFO o.a.j.r.d.HtmlTemplateExporter: Report will be generated in: C:\Users\valid\Desktop\Diplomado\Certificación 4\Certificacion-4-pruebas-de-cargas\.\results\jmeter\lab02-report, creating folder structure
2026-08-13 21:37:45,936 INFO o.a.j.r.d.TemplateVisitor: Copying folder from 'C:\Users\valid\Desktop\Diplomado\Certificación 4\apache-jmeter-5.6.3\bin\report-template' to 'C:\Users\valid\Desktop\Diplomado\Certificación 4\Certificacion-4-pruebas-de-cargas\.\results\jmeter\lab02-report', got message: C:\Users\valid\Desktop\Diplomado\Certificación 4\Certificacion-4-pruebas-de-cargas\.\results\jmeter\lab02-report, found non empty folder with following content [C:\Users\valid\Desktop\Diplomado\Certificación 4\Certificacion-4-pruebas-de-cargas\.\results\jmeter\lab02-report\statistics.json], will be ignored
2026-08-13 21:37:48,460 INFO o.a.j.JMeter: Dashboard generated
